
 RUN  v3.2.7 /home/jes/commonplace-log/worker

(node:426173) [DEP0040] DeprecationWarning: The `punycode` module is deprecated. Please use a userland alternative instead.
(Use `node --trace-deprecation ...` to show where the warning was created)
[vpw:debug] Adding `enable_nodejs_tty_module` compatibility flag during tests as this feature is needed to support the Vitest runner.
[vpw:debug] Adding `enable_nodejs_fs_module` compatibility flag during tests as this feature is needed to support the Vitest runner.
[vpw:debug] Adding `enable_nodejs_http_modules` compatibility flag during tests as this feature is needed to support the Vitest runner.
[vpw:debug] Adding `enable_nodejs_perf_hooks_module` compatibility flag during tests as this feature is needed to support the Vitest runner.
[vpw:info] Starting isolated runtimes for vitest.backup.config.ts...
 × |backup| test/backup/backup.workers.test.ts > BACKUP-1b-ii > D1: fixture listing confirms guessed membership after known Elixir controls 70ms
   → known Elixir vector authority_cell: expected '63108796-5e5f-7a1b-b538-3d092b2ad69d' to be '8bdd039d-1f22-75b7-bb02-eefa76a9bbac' // Object.is equality
 ↓ |backup| test/backup/backup.workers.test.ts > BACKUP-1b-ii > empty log ID stops backup explicitly and differs from an absent pagination cursor
 ↓ |backup| test/backup/backup.workers.test.ts > BACKUP-1b-ii > list-logs requires authority, admits READ alone, pages sorted IDs and stays realm-local
 ↓ |backup| test/backup/backup.workers.test.ts > BACKUP-1b-ii > A1: repeated backup appends zero; identical coordinates across logs remain distinct; new entry adds one
 ↓ |backup| test/backup/backup.workers.test.ts > BACKUP-1b-ii > A2: a real checkpoint put failure leaves entries but no frontier/manifest; resume completes
 ↓ |backup| test/backup/backup.workers.test.ts > BACKUP-1b-ii > A3: second mint is 409; revoke stops only that realm and names the stop in the persisted run log
 ↓ |backup| test/backup/backup.workers.test.ts > BACKUP-1b-ii > A4: read capability cannot commit even though the write control can
 ↓ |backup| test/backup/backup.workers.test.ts > BACKUP-1b-ii > A5: existing but unregistered realm is not discovered; run names exact registry coverage
 ↓ |backup| test/backup/backup.workers.test.ts > BACKUP-1b-ii > test-only HTTP trigger runs; production exports no HTTP trigger and scheduled handler runs
 ↓ |backup| test/backup/backup.workers.test.ts > BACKUP-1b-ii > conflicting immutable entry bytes stop the log without overwriting or advancing its frontier
 ↓ |backup| test/backup/backup.workers.test.ts > BACKUP-1b-ii > paginates the registry, log inventory, and writer sequence without skipping entries

⎯⎯⎯⎯⎯⎯⎯ Failed Tests 1 ⎯⎯⎯⎯⎯⎯⎯

 FAIL  |backup| test/backup/backup.workers.test.ts > BACKUP-1b-ii > D1: fixture listing confirms guessed membership after known Elixir controls
AssertionError: known Elixir vector authority_cell: expected '63108796-5e5f-7a1b-b538-3d092b2ad69d' to be '8bdd039d-1f22-75b7-bb02-eefa76a9bbac' // Object.is equality

Expected: "8bdd039d-1f22-75b7-bb02-eefa76a9bbac"
Received: "63108796-5e5f-7a1b-b538-3d092b2ad69d"

 ❯ test/backup/backup.workers.test.ts:79:77
     77|   it("D1: fixture listing confirms guessed membership after known Elix…
     78|     for (const [facet, expected] of Object.entries(known)) {
     79|       expect(await derive(knownOrg, facet), `known Elixir vector ${fac…
       |                                                                             ^
     80|     }
     81|     expect(await derive(knownOrg, "session_cell", "s1")).toBe("5de31f2…

⎯⎯⎯⎯⎯⎯⎯⎯⎯⎯⎯⎯⎯⎯⎯⎯⎯⎯⎯⎯⎯⎯⎯⎯[1/1]⎯


 Test Files  1 failed (1)
      Tests  1 failed | 10 skipped (11)
   Start at  16:07:11
   Duration  3.36s (transform 288ms, setup 0ms, collect 461ms, tests 121ms, environment 0ms, prepare 240ms)

[vpw:debug] Shutting down runtimes...
[vpw:debug] Disposing remote proxy sessions...
