
 RUN  v3.2.7 /home/jes/commonplace-log/worker

(node:426094) [DEP0040] DeprecationWarning: The `punycode` module is deprecated. Please use a userland alternative instead.
(Use `node --trace-deprecation ...` to show where the warning was created)
[vpw:debug] Adding `enable_nodejs_tty_module` compatibility flag during tests as this feature is needed to support the Vitest runner.
[vpw:debug] Adding `enable_nodejs_fs_module` compatibility flag during tests as this feature is needed to support the Vitest runner.
[vpw:debug] Adding `enable_nodejs_http_modules` compatibility flag during tests as this feature is needed to support the Vitest runner.
[vpw:debug] Adding `enable_nodejs_perf_hooks_module` compatibility flag during tests as this feature is needed to support the Vitest runner.
[vpw:info] Starting isolated runtimes for vitest.backup.config.ts...
stdout | test/backup/backup.workers.test.ts > BACKUP-1b-ii > D1: fixture listing confirms guessed membership after known Elixir controls
D1 fixture only: known Elixir vectors=10; independent chain=1; guessed member present=true; wrong member=false; wrong generation=false

 ✓ |backup| test/backup/backup.workers.test.ts > BACKUP-1b-ii > D1: fixture listing confirms guessed membership after known Elixir controls 217ms
 ↓ |backup| test/backup/backup.workers.test.ts > BACKUP-1b-ii > empty log ID stops backup explicitly and differs from an absent pagination cursor
 ↓ |backup| test/backup/backup.workers.test.ts > BACKUP-1b-ii > list-logs requires authority, admits READ alone, pages sorted IDs and stays realm-local
 ↓ |backup| test/backup/backup.workers.test.ts > BACKUP-1b-ii > A1: repeated backup appends zero; identical coordinates across logs remain distinct; new entry adds one
 ↓ |backup| test/backup/backup.workers.test.ts > BACKUP-1b-ii > A2: a real checkpoint put failure leaves entries but no frontier/manifest; resume completes
 ↓ |backup| test/backup/backup.workers.test.ts > BACKUP-1b-ii > A3: second mint is 409; revoke stops only that realm and names the stop in the persisted run log
 ↓ |backup| test/backup/backup.workers.test.ts > BACKUP-1b-ii > A4: read capability cannot commit even though the write control can
 ↓ |backup| test/backup/backup.workers.test.ts > BACKUP-1b-ii > A5: existing but unregistered realm is not discovered; run names exact registry coverage
 ↓ |backup| test/backup/backup.workers.test.ts > BACKUP-1b-ii > test-only HTTP trigger runs; production exports no HTTP trigger and scheduled handler runs
 ↓ |backup| test/backup/backup.workers.test.ts > BACKUP-1b-ii > conflicting immutable entry bytes stop the log without overwriting or advancing its frontier
 ↓ |backup| test/backup/backup.workers.test.ts > BACKUP-1b-ii > paginates the registry, log inventory, and writer sequence without skipping entries

 Test Files  1 passed (1)
      Tests  1 passed | 10 skipped (11)
   Start at  16:07:06
   Duration  4.04s (transform 268ms, setup 0ms, collect 435ms, tests 244ms, environment 1ms, prepare 276ms)

[vpw:debug] Shutting down runtimes...
[vpw:debug] Disposing remote proxy sessions...
